[preview.colorlib.com/theme/jobboard2/index.html]
[backblue.gif]
[fade.gif]
[index.html]
[preview.colorlib.com/theme/jobboard2/img/favicon.png]
[preview.colorlib.com/theme/jobboard2/css/bootstrap.min.css]
[preview.colorlib.com/theme/jobboard2/css/owl.carousel.min.css]
[preview.colorlib.com/theme/jobboard2/css/magnific-popup.css]
[preview.colorlib.com/theme/jobboard2/css/font-awesome.min.css]
[preview.colorlib.com/theme/jobboard2/css/themify-icons.css]
[preview.colorlib.com/theme/jobboard2/css/nice-select.css]
[preview.colorlib.com/theme/jobboard2/css/flaticon.css]
[preview.colorlib.com/theme/jobboard2/css/gijgo.css]
[preview.colorlib.com/theme/jobboard2/css/animate.min.css]
[preview.colorlib.com/theme/jobboard2/css/slicknav.css]
[preview.colorlib.com/theme/jobboard2/css/style.css]
[preview.colorlib.com/theme/jobboard2/index-2.html]
[preview.colorlib.com/theme/jobboard2/img/logo.png]
[preview.colorlib.com/theme/jobboard2/jobs.html]
[preview.colorlib.com/theme/jobboard2/candidate.html]
[preview.colorlib.com/theme/jobboard2/job_details.html]
[preview.colorlib.com/theme/jobboard2/elements.html]
[preview.colorlib.com/theme/jobboard2/blog.html]
[preview.colorlib.com/theme/jobboard2/single-blog.html]
[preview.colorlib.com/theme/jobboard2/contact.html]
[preview.colorlib.com/theme/jobboard2/img/banner/illustration.png]
[preview.colorlib.com/theme/jobboard2/img/svg_icon/1.svg]
[preview.colorlib.com/theme/jobboard2/img/svg_icon/2.svg]
[preview.colorlib.com/theme/jobboard2/img/svg_icon/3.svg]
[preview.colorlib.com/theme/jobboard2/img/svg_icon/4.svg]
[preview.colorlib.com/theme/jobboard2/img/svg_icon/5.svg]
[preview.colorlib.com/theme/jobboard2/img/candiateds/1.png]
[preview.colorlib.com/theme/jobboard2/img/candiateds/2.png]
[preview.colorlib.com/theme/jobboard2/img/candiateds/3.png]
[preview.colorlib.com/theme/jobboard2/img/candiateds/4.png]
[preview.colorlib.com/theme/jobboard2/img/candiateds/5.png]
[preview.colorlib.com/theme/jobboard2/img/candiateds/6.png]
[preview.colorlib.com/theme/jobboard2/img/candiateds/7.png]
[preview.colorlib.com/theme/jobboard2/img/candiateds/8.png]
[preview.colorlib.com/theme/jobboard2/img/candiateds/9.png]
[preview.colorlib.com/theme/jobboard2/img/candiateds/10.png]
[preview.colorlib.com/theme/jobboard2/img/testmonial/author.png]
[preview.colorlib.com/cdn-cgi/scripts/5c5dd728/cloudflare-static/email-decode.min.js]
[preview.colorlib.com/theme/jobboard2/js/vendor/modernizr-3.5.0.min.js]
[preview.colorlib.com/theme/jobboard2/js/vendor/jquery-1.12.4.min.js]
[preview.colorlib.com/theme/jobboard2/js/popper.min.js]
[preview.colorlib.com/theme/jobboard2/js/bootstrap.min.js]
[preview.colorlib.com/theme/jobboard2/js/owl.carousel.min.js]
[preview.colorlib.com/theme/jobboard2/js/isotope.pkgd.min.js]
[preview.colorlib.com/theme/jobboard2/js/ajax-form.js]
[preview.colorlib.com/theme/jobboard2/js/waypoints.min.js]
[preview.colorlib.com/theme/jobboard2/js/jquery.counterup.min.js]
[preview.colorlib.com/theme/jobboard2/js/imagesloaded.pkgd.min.js]
[preview.colorlib.com/theme/jobboard2/js/scrollIt.js]
[preview.colorlib.com/theme/jobboard2/js/jquery.scrollUp.min.js]
[preview.colorlib.com/theme/jobboard2/js/wow.min.js]
[preview.colorlib.com/theme/jobboard2/js/nice-select.min.js]
[preview.colorlib.com/theme/jobboard2/js/jquery.slicknav.min.js]
[preview.colorlib.com/theme/jobboard2/js/jquery.magnific-popup.min.js]
[preview.colorlib.com/theme/jobboard2/js/plugins.js]
[preview.colorlib.com/theme/jobboard2/js/gijgo.min.js]
[preview.colorlib.com/theme/jobboard2/js/contact.js]
[preview.colorlib.com/theme/jobboard2/js/jquery.ajaxchimp.min.js]
[preview.colorlib.com/theme/jobboard2/js/jquery.form.js]
[preview.colorlib.com/theme/jobboard2/js/jquery.validate.min.js]
[preview.colorlib.com/theme/jobboard2/js/mail-script.js]
[preview.colorlib.com/theme/jobboard2/js/main.js]
[preview.colorlib.com/theme/jobboard2/index.html]
[preview.colorlib.com/theme/jobboard2/css/bootstrap.min.css]
[preview.colorlib.com/theme/jobboard2/css/owl.video.play.png]
[preview.colorlib.com/theme/jobboard2/css/owl.carousel.min.css]
[preview.colorlib.com/theme/jobboard2/css/magnific-popup.css]
[preview.colorlib.com/theme/jobboard2/fonts/fontawesome-webfont3e6e.eot]
[preview.colorlib.com/theme/jobboard2/fonts/fontawesome-webfont3e6e.woff2]
[preview.colorlib.com/theme/jobboard2/fonts/fontawesome-webfontd41d.eot]
[preview.colorlib.com/theme/jobboard2/fonts/fontawesome-webfont3e6e.woff]
[preview.colorlib.com/theme/jobboard2/fonts/fontawesome-webfont3e6e.ttf]
[preview.colorlib.com/theme/jobboard2/css/font-awesome.min.css]
[preview.colorlib.com/theme/jobboard2/fonts/themify9f24.eot]
[preview.colorlib.com/theme/jobboard2/fonts/fontawesome-webfont3e6e.svg]
[preview.colorlib.com/theme/jobboard2/fonts/themifyd41d.eot]
[preview.colorlib.com/theme/jobboard2/fonts/themify9f24.woff]
[preview.colorlib.com/theme/jobboard2/fonts/themify9f24.ttf]
[preview.colorlib.com/theme/jobboard2/css/themify-icons.css]
[preview.colorlib.com/theme/jobboard2/css/nice-select.css]
[preview.colorlib.com/theme/jobboard2/fonts/themify9f24.svg]
[preview.colorlib.com/theme/jobboard2/fonts/Flaticon.eot]
[preview.colorlib.com/theme/jobboard2/fonts/Flaticond41d.eot]
[preview.colorlib.com/theme/jobboard2/fonts/Flaticon.woff2]
[preview.colorlib.com/theme/jobboard2/fonts/Flaticon.woff]
[preview.colorlib.com/theme/jobboard2/fonts/Flaticon.ttf]
[preview.colorlib.com/theme/jobboard2/css/flaticon.css]
[preview.colorlib.com/theme/jobboard2/fonts/Flaticon.svg]
[preview.colorlib.com/theme/jobboard2/fonts/gijgo-materialba15.eot]
[preview.colorlib.com/theme/jobboard2/fonts/gijgo-materialba15.ttf]
[preview.colorlib.com/theme/jobboard2/fonts/gijgo-materialba15.woff]
[preview.colorlib.com/theme/jobboard2/css/gijgo.css]
[preview.colorlib.com/theme/jobboard2/css/animate.min.css]
[preview.colorlib.com/theme/jobboard2/css/slicknav.css]
[preview.colorlib.com/theme/jobboard2/fonts/gijgo-materialba15.svg]
[preview.colorlib.com/theme/jobboard2/img/banner/banner.png]
[preview.colorlib.com/theme/jobboard2/img/banner/bradcam.png]
[preview.colorlib.com/theme/jobboard2/img/job/1.png]
[preview.colorlib.com/theme/jobboard2/img/elements/primary-check.png]
[preview.colorlib.com/theme/jobboard2/img/elements/success-check.png]
[preview.colorlib.com/theme/jobboard2/img/elements/disabled-check.png]
[preview.colorlib.com/theme/jobboard2/img/elements/primary-radio.png]
[preview.colorlib.com/theme/jobboard2/img/elements/success-radio.png]
[preview.colorlib.com/theme/jobboard2/img/elements/disabled-radio.png]
[preview.colorlib.com/theme/jobboard2/css/style.css]
[preview.colorlib.com/cdn-cgi/zaraz/sd0d9.js]
[preview.colorlib.com/theme/jobboard2/index-2.html]
[preview.colorlib.com/theme/jobboard2/css/jquery-ui.css]
[preview.colorlib.com/theme/jobboard2/jobs.html]
[preview.colorlib.com/theme/jobboard2/candidate.html]
[preview.colorlib.com/theme/jobboard2/job_details.html]
[preview.colorlib.com/theme/jobboard2/js/range.js]
[preview.colorlib.com/theme/jobboard2/css/animate.css]
[preview.colorlib.com/theme/jobboard2/img/elements/d.jpg]
[preview.colorlib.com/theme/jobboard2/img/elements/f1.jpg]
[preview.colorlib.com/theme/jobboard2/img/elements/f2.jpg]
[preview.colorlib.com/theme/jobboard2/img/elements/f3.jpg]
[preview.colorlib.com/theme/jobboard2/img/elements/f4.jpg]
[preview.colorlib.com/theme/jobboard2/img/elements/f5.jpg]
[preview.colorlib.com/theme/jobboard2/img/elements/f6.jpg]
[preview.colorlib.com/theme/jobboard2/img/elements/f7.jpg]
[preview.colorlib.com/theme/jobboard2/img/elements/f8.jpg]
[preview.colorlib.com/theme/jobboard2/img/elements/g1.jpg]
[preview.colorlib.com/theme/jobboard2/img/elements/g2.jpg]
[preview.colorlib.com/theme/jobboard2/img/elements/g3.jpg]
[preview.colorlib.com/theme/jobboard2/img/elements/g4.jpg]
[preview.colorlib.com/theme/jobboard2/img/elements/g5.jpg]
[preview.colorlib.com/theme/jobboard2/img/elements/g6.jpg]
[preview.colorlib.com/theme/jobboard2/img/elements/g7.jpg]
[preview.colorlib.com/theme/jobboard2/img/elements/g8.jpg]
[preview.colorlib.com/theme/jobboard2/elements.html]
[preview.colorlib.com/theme/jobboard2/img/blog/single_blog_1.png]
[preview.colorlib.com/theme/jobboard2/img/blog/single_blog_2.png]
[preview.colorlib.com/theme/jobboard2/img/blog/single_blog_3.png]
[preview.colorlib.com/theme/jobboard2/img/blog/single_blog_4.png]
[preview.colorlib.com/theme/jobboard2/img/blog/single_blog_5.png]
[preview.colorlib.com/theme/jobboard2/img/post/post_1.png]
[preview.colorlib.com/theme/jobboard2/img/post/post_2.png]
[preview.colorlib.com/theme/jobboard2/img/post/post_3.png]
[preview.colorlib.com/theme/jobboard2/img/post/post_4.png]
[preview.colorlib.com/theme/jobboard2/img/post/post_5.png]
[preview.colorlib.com/theme/jobboard2/img/post/post_6.png]
[preview.colorlib.com/theme/jobboard2/img/post/post_7.png]
[preview.colorlib.com/theme/jobboard2/img/post/post_8.png]
[preview.colorlib.com/theme/jobboard2/img/post/post_9.png]
[preview.colorlib.com/theme/jobboard2/img/post/post_10.png]
[preview.colorlib.com/theme/jobboard2/blog.html]
[preview.colorlib.com/theme/jobboard2/img/post/preview.png]
[preview.colorlib.com/theme/jobboard2/img/post/next.png]
[preview.colorlib.com/theme/jobboard2/img/blog/author.png]
[preview.colorlib.com/theme/jobboard2/img/comment/comment_1.png]
[preview.colorlib.com/theme/jobboard2/img/comment/comment_2.png]
[preview.colorlib.com/theme/jobboard2/img/comment/comment_3.png]
[preview.colorlib.com/theme/jobboard2/single-blog.html]
[preview.colorlib.com/theme/jobboard2/css/slick.css]
[preview.colorlib.com/theme/jobboard2/contact.html]
[preview.colorlib.com/theme/jobboard2/img/svg_icon/1.svg]
[preview.colorlib.com/theme/jobboard2/img/svg_icon/2.svg]
[preview.colorlib.com/theme/jobboard2/img/svg_icon/3.svg]
[preview.colorlib.com/theme/jobboard2/img/svg_icon/4.svg]
[preview.colorlib.com/theme/jobboard2/img/svg_icon/5.svg]
[preview.colorlib.com/theme/jobboard2/css/owl.video.play.html]
[preview.colorlib.com/theme/jobboard2/fonts/fontawesome-webfont3e6e.svg]
[preview.colorlib.com/theme/jobboard2/fonts/themify9f24.svg]
[preview.colorlib.com/theme/jobboard2/fonts/Flaticon.svg]
[preview.colorlib.com/theme/jobboard2/fonts/gijgo-materialba15.svg]
[preview.colorlib.com/theme/jobboard2/css/images/ui-icons_444444_256x240.png]
[preview.colorlib.com/theme/jobboard2/css/images/ui-icons_555555_256x240.png]
[preview.colorlib.com/theme/jobboard2/css/images/ui-icons_ffffff_256x240.png]
[preview.colorlib.com/theme/jobboard2/css/images/ui-icons_777620_256x240.png]
[preview.colorlib.com/theme/jobboard2/css/images/ui-icons_777777_256x240.png]
[preview.colorlib.com/theme/jobboard2/css/jquery-ui.css]
[preview.colorlib.com/theme/jobboard2/css/animate.html]
[preview.colorlib.com/theme/jobboard2/css/slick.html]
[preview.colorlib.com/theme/jobboard2/css/images/ui-icons_444444_256x240.html]
[preview.colorlib.com/theme/jobboard2/css/images/ui-icons_555555_256x240.html]
[preview.colorlib.com/theme/jobboard2/css/images/ui-icons_ffffff_256x240.html]
[preview.colorlib.com/theme/jobboard2/css/images/ui-icons_777620_256x240.html]
[preview.colorlib.com/theme/jobboard2/css/images/ui-icons_777777_256x240.html]
